[VK] VRAM pressure-proofing: memory_priority on, memory_budget on
[VK] warning: only 256 of 7936 MB VRAM is host-visible (Resizable BAR appears disabled) — allocations beyond the 256 MB window fall back to system RAM and will be slow. Enable Resizable BAR / Smart Access Memory in the BIOS.
[VK] ready: AMD Radeon Pro 580X (RADV POLARIS10), compute qfam 0, memtype 3, fused gate+up, absorb attention, tiled GEMM from S=2 and S*O>=4096
fmt=1 S=1 I=6144 O=1536 gemv | maxerr=3.815e-05 maxrel=0.0003662 | gpu=1.187 ms  cpu_ref=20.874 ms
fmt=2 S=1 I=6144 O=1536 gemv | maxerr=2.384e-06 maxrel=4.292e-05 | gpu=0.660 ms  cpu_ref=24.882 ms
fmt=1 S=1 I=1536 O=6144 gemv | maxerr=1.526e-05 maxrel=0.0001321 | gpu=1.055 ms  cpu_ref=21.063 ms
fmt=2 S=8 I=6144 O=1536 gemv | maxerr=2.384e-06 maxrel=0.0001341 | gpu=4.214 ms  cpu_ref=210.025 ms
fmt=1 S=1 I=512 O=512 gemv | maxerr=5.722e-06 maxrel=8.594e-06 | gpu=0.085 ms  cpu_ref=1.708 ms
fmt=2 S=1 I=16384 O=6144 gemv | maxerr=6.199e-06 maxrel=0.0001937 | gpu=5.894 ms  cpu_ref=286.158 ms
fmt=5 S=1 I=6144 O=2048 gemv | maxerr=7.153e-07 maxrel=1.21e-05 | gpu=0.734 ms  cpu_ref=43.325 ms
fmt=5 S=1 I=2048 O=6144 gemv | maxerr=4.768e-07 maxrel=1.408e-05 | gpu=0.666 ms  cpu_ref=45.021 ms
fmt=5 S=8 I=6144 O=2048 gemv | maxerr=9.537e-07 maxrel=3.464e-05 | gpu=4.589 ms  cpu_ref=372.721 ms
fmt=5 S=1 I=100 O=64 gemv | maxerr=5.96e-08 maxrel=1.69e-06 | gpu=0.098 ms  cpu_ref=0.089 ms
fmt=5 S=1 I=16384 O=6144 gemv | maxerr=1.907e-06 maxrel=6.317e-05 | gpu=5.281 ms  cpu_ref=365.782 ms
fmt=10 S=1 I=6144 O=1536 gemv | maxerr=1.526e-05 maxrel=0.0001645 | gpu=4.325 ms  cpu_ref=20.313 ms
fmt=10 S=8 I=2048 O=512 gemv | maxerr=7.629e-06 maxrel=8.447e-05 | gpu=3.326 ms  cpu_ref=18.677 ms
fmt=10 S=1 I=16384 O=512 gemv | maxerr=3.815e-05 maxrel=2.817e-05 | gpu=3.909 ms  cpu_ref=19.255 ms
fmt=10 S=3 I=37 O=5 gemv | maxerr=1.192e-07 maxrel=1.269e-06 | gpu=0.090 ms  cpu_ref=0.001 ms
fmt=11 S=1 I=6144 O=1536 gemv | maxerr=1.717e-05 maxrel=5.939e-05 | gpu=2.250 ms  cpu_ref=21.268 ms
fmt=11 S=8 I=2048 O=512 gemv | maxerr=7.629e-06 maxrel=5.287e-05 | gpu=0.943 ms  cpu_ref=19.551 ms
fmt=11 S=1 I=16384 O=512 gemv | maxerr=4.959e-05 maxrel=0.0001004 | gpu=2.119 ms  cpu_ref=17.538 ms
fmt=11 S=3 I=37 O=5 gemv | maxerr=4.768e-07 maxrel=2.73e-07 | gpu=0.088 ms  cpu_ref=0.001 ms
fmt=12 gs=64 S=1 I=6144 O=1536 gemv | maxerr=3.242e-05 maxrel=0.0001413 | gpu=1.299 ms  cpu_ref=109.922 ms
fmt=12 gs=64 S=8 I=2048 O=512 gemv | maxerr=1.907e-05 maxrel=0.0002937 | gpu=0.431 ms  cpu_ref=100.133 ms
fmt=12 gs=64 S=1 I=16384 O=512 gemv | maxerr=9.155e-05 maxrel=8.703e-05 | gpu=1.231 ms  cpu_ref=98.927 ms
fmt=12 gs=64 S=3 I=100 O=5 gemv | maxerr=9.537e-07 maxrel=4.709e-07 | gpu=0.078 ms  cpu_ref=0.017 ms
fmt=12 gs=32 S=2 I=4096 O=256 gemv | maxerr=1.717e-05 maxrel=3.025e-05 | gpu=0.202 ms  cpu_ref=25.331 ms
fmt=12 gs=128 S=2 I=4096 O=256 gemv | maxerr=2.289e-05 maxrel=9.353e-05 | gpu=0.212 ms  cpu_ref=25.586 ms
fmt=13 gs=64 S=1 I=6144 O=1536 gemv | maxerr=2.289e-05 maxrel=0.0002004 | gpu=1.355 ms  cpu_ref=21.167 ms
fmt=13 gs=64 S=8 I=2048 O=512 gemv | maxerr=1.526e-05 maxrel=0.0001727 | gpu=0.320 ms  cpu_ref=17.891 ms
fmt=13 gs=64 S=1 I=16384 O=512 gemv | maxerr=4.578e-05 maxrel=0.0003054 | gpu=1.184 ms  cpu_ref=18.625 ms
fmt=13 gs=64 S=3 I=100 O=5 gemv | maxerr=1.907e-06 maxrel=1.719e-07 | gpu=0.090 ms  cpu_ref=0.004 ms
fmt=13 gs=128 S=2 I=4096 O=256 gemv | maxerr=1.526e-05 maxrel=6.284e-05 | gpu=0.196 ms  cpu_ref=4.620 ms
fmt=1 S=16 I=1001 O=193 gemm | maxerr=2.289e-05 maxrel=6.147e-05 | gpu=0.329 ms  cpu_ref=6.846 ms
fmt=1 S=64 I=1536 O=97 gemm | maxerr=2.289e-05 maxrel=0.0003758 | gpu=0.504 ms  cpu_ref=21.385 ms
fmt=1 S=512 I=520 O=131 gemm | maxerr=1.526e-05 maxrel=0.0005495 | gpu=0.435 ms  cpu_ref=77.273 ms
fmt=2 S=16 I=1001 O=193 gemm | maxerr=1.192e-06 maxrel=2.462e-05 | gpu=0.322 ms  cpu_ref=8.407 ms
fmt=2 S=64 I=1536 O=97 gemm | maxerr=1.907e-06 maxrel=4.873e-05 | gpu=0.504 ms  cpu_ref=26.125 ms
fmt=2 S=512 I=520 O=131 gemm | maxerr=9.537e-07 maxrel=2.834e-05 | gpu=0.419 ms  cpu_ref=99.806 ms
fmt=4 gs=64 S=16 I=1001 O=193 gemm | maxerr=1.431e-06 maxrel=1.498e-05 | gpu=0.365 ms  cpu_ref=8.875 ms
fmt=4 gs=64 S=64 I=1536 O=97 gemm | maxerr=1.431e-06 maxrel=4.054e-05 | gpu=0.551 ms  cpu_ref=27.090 ms
fmt=4 gs=64 S=512 I=520 O=131 gemm | maxerr=7.153e-07 maxrel=2.659e-05 | gpu=0.433 ms  cpu_ref=101.702 ms
fmt=5 S=16 I=1001 O=193 gemm | maxerr=4.768e-07 maxrel=1.847e-05 | gpu=0.318 ms  cpu_ref=11.620 ms
fmt=5 S=64 I=1536 O=97 gemm | maxerr=7.153e-07 maxrel=1.656e-05 | gpu=0.539 ms  cpu_ref=37.920 ms
fmt=5 S=512 I=520 O=131 gemm | maxerr=3.576e-07 maxrel=1.37e-05 | gpu=0.445 ms  cpu_ref=129.559 ms
fmt=7 gs=32 S=16 I=1001 O=193 gemm | maxerr=5.364e-07 maxrel=1.473e-05 | gpu=0.460 ms  cpu_ref=20.484 ms
fmt=7 gs=32 S=64 I=1536 O=97 gemm | maxerr=9.537e-07 maxrel=2.199e-05 | gpu=0.619 ms  cpu_ref=63.958 ms
fmt=7 gs=32 S=512 I=520 O=131 gemm | maxerr=4.768e-07 maxrel=1.824e-05 | gpu=0.454 ms  cpu_ref=232.160 ms
fmt=10 S=16 I=1001 O=193 gemm | maxerr=7.629e-06 maxrel=6.534e-05 | gpu=0.396 ms  cpu_ref=6.872 ms
fmt=10 S=64 I=1536 O=97 gemm | maxerr=1.144e-05 maxrel=0.000104 | gpu=0.583 ms  cpu_ref=21.746 ms
fmt=10 S=512 I=520 O=131 gemm | maxerr=5.722e-06 maxrel=0.0001239 | gpu=0.431 ms  cpu_ref=76.875 ms
fmt=11 S=16 I=1001 O=193 gemm | maxerr=7.629e-06 maxrel=0.0001996 | gpu=0.501 ms  cpu_ref=6.833 ms
fmt=11 S=64 I=1536 O=97 gemm | maxerr=1.144e-05 maxrel=0.0001265 | gpu=0.701 ms  cpu_ref=21.062 ms
fmt=11 S=512 I=520 O=131 gemm | maxerr=5.722e-06 maxrel=0.0001708 | gpu=0.518 ms  cpu_ref=77.046 ms
fmt=12 gs=64 S=16 I=1001 O=193 gemm | maxerr=3.052e-05 maxrel=0.0002141 | gpu=0.458 ms  cpu_ref=39.283 ms
fmt=12 gs=64 S=64 I=1536 O=97 gemm | maxerr=3.052e-05 maxrel=0.0005084 | gpu=0.601 ms  cpu_ref=121.518 ms
fmt=12 gs=64 S=512 I=520 O=131 gemm | maxerr=1.907e-05 maxrel=0.0002559 | gpu=0.457 ms  cpu_ref=455.941 ms
fmt=13 gs=64 S=16 I=1001 O=193 gemm | maxerr=1.526e-05 maxrel=0.000205 | gpu=0.385 ms  cpu_ref=6.789 ms
fmt=13 gs=64 S=64 I=1536 O=97 gemm | maxerr=2.098e-05 maxrel=0.0001907 | gpu=0.534 ms  cpu_ref=20.861 ms
fmt=13 gs=64 S=512 I=520 O=131 gemm | maxerr=1.144e-05 maxrel=0.000587 | gpu=0.431 ms  cpu_ref=76.568 ms
fmt=1 S=37 I=999 O=65 gemm | maxerr=1.907e-05 maxrel=0.0001121 | gpu=0.380 ms  cpu_ref=5.306 ms
fmt=4 gs=8 S=33 I=1001 O=70 gemm | maxerr=9.537e-07 maxrel=2.155e-05 | gpu=0.388 ms  cpu_ref=6.960 ms
fmt=4 gs=24 S=33 I=1001 O=70 gemm | maxerr=1.192e-06 maxrel=2.7e-05 | gpu=0.638 ms  cpu_ref=9.841 ms
fmt=12 gs=12 S=33 I=1001 O=70 gemm | maxerr=3.052e-05 maxrel=0.0002129 | gpu=0.404 ms  cpu_ref=30.165 ms
fmt=12 gs=128 S=33 I=1001 O=70 gemm | maxerr=2.289e-05 maxrel=0.0003628 | gpu=0.369 ms  cpu_ref=28.582 ms
fmt=13 gs=12 S=33 I=1001 O=70 gemm | maxerr=1.526e-05 maxrel=0.0002283 | gpu=0.365 ms  cpu_ref=4.698 ms
xbatch: tier queue of its own, GEMM route from 16 rows, timestamps on
tier pool: 10 experts fit a budget of 10.5 (87040 bytes each), refusals 1, 1 block(s), frag 0.000
tier pool: frees during a batch held 870400 -> 870400 bytes, after the join 609280
tier pool: 3 of 3 experts uploaded again into the freed room, 1 blocks, 870400 of 913408 bytes used
tier pool: all freed, 0 bytes used, 0 live ranges, 1 block(s) kept
xbatch fmt=1/1 gs=64 D=320 I=160 swiglu, rows 1/3/2/20/1 (GEMM from 16) | maxrel=1.3e-05 | row bits independent of the batch: yes | device 0.218 ms
xbatch fmt=2/2 gs=64 D=320 I=160 swiglu, rows 1/3/2/20/1 (GEMM from 16) | maxrel=1.49e-05 | row bits independent of the batch: yes | device 0.212 ms
xbatch fmt=4/4 gs=64 D=320 I=160 swiglu, rows 1/3/2/20/1 (GEMM from 16) | maxrel=1.4e-05 | row bits independent of the batch: yes | device 0.220 ms
xbatch fmt=5/5 gs=64 D=320 I=160 swiglu, rows 1/3/2/20/1 (GEMM from 16) | maxrel=1.33e-05 | row bits independent of the batch: yes | device 0.203 ms
xbatch fmt=7/7 gs=32 D=320 I=160 swiglu, rows 1/3/2/20/1 (GEMM from 16) | maxrel=1.56e-05 | row bits independent of the batch: yes | device 0.305 ms
xbatch fmt=10/10 gs=64 D=320 I=160 swiglu, rows 1/3/2/20/1 (GEMM from 16) | maxrel=1.84e-05 | row bits independent of the batch: yes | device 0.413 ms
xbatch fmt=11/11 gs=64 D=320 I=160 swiglu, rows 1/3/2/20/1 (GEMM from 16) | maxrel=1.33e-05 | row bits independent of the batch: yes | device 0.271 ms
xbatch fmt=12/12 gs=64 D=320 I=160 swiglu, rows 1/3/2/20/1 (GEMM from 16) | maxrel=1.79e-05 | row bits independent of the batch: yes | device 0.281 ms
xbatch fmt=13/13 gs=64 D=320 I=160 swiglu, rows 1/3/2/20/1 (GEMM from 16) | maxrel=1.3e-05 | row bits independent of the batch: yes | device 0.258 ms
xbatch fmt=4/1 gs=64 D=320 I=160 swiglu, rows 1/3/2/20/1 (GEMM from 16) | maxrel=1.52e-05 | row bits independent of the batch: yes | device 0.224 ms
xbatch fmt=4/4 gs=64 D=320 I=160 swiglu-limit, rows 1/3/2/20/1 (GEMM from 16) | maxrel=1.52e-05 | row bits independent of the batch: yes | device 0.231 ms
xbatch fmt=7/7 gs=32 D=320 I=160 situ, rows 1/3/2/20/1 (GEMM from 16) | maxrel=6.7e-05 | row bits independent of the batch: yes | device 0.294 ms
xbatch fmt=12/12 gs=8 D=200 I=72 swiglu, rows 1/3/2/20/1 (GEMM from 16) | maxrel=1.12e-05 | row bits independent of the batch: yes | device 0.200 ms
xbatch fmt=2/2 gs=0 D=200 I=72 swiglu, rows 1/3/2/20/1 (GEMM from 16) | maxrel=1.11e-05 | row bits independent of the batch: yes | device 0.157 ms
xbatch fmt=4/4 gs=64 D=6400 I=64 swiglu, rows 1/3/2/20/1 (GEMM from 16) | maxrel=2.74e-05 | row bits independent of the batch: yes | device 2.066 ms
xbatch v4 D=160 I=160, rows 1/3/20 (GEMM from 16) | 0 of 3840 values differ from the CPU's arithmetic | device 0.196 ms
PASS
