[Vulkan Loader] LAYER:          Searching for implicit layer manifest files
[Vulkan Loader] LAYER:             In following locations:
[Vulkan Loader] LAYER:                /home/crichalchemist/.config/vulkan/implicit_layer.d
[Vulkan Loader] LAYER:                /etc/xdg/xdg-ubuntu/vulkan/implicit_layer.d
[Vulkan Loader] LAYER:                /etc/xdg/vulkan/implicit_layer.d
[Vulkan Loader] LAYER:                /etc/vulkan/implicit_layer.d
[Vulkan Loader] LAYER:                /home/crichalchemist/.local/share/vulkan/implicit_layer.d
[Vulkan Loader] LAYER:                /home/crichalchemist/snap/code/267/.local/share/vulkan/implicit_layer.d
[Vulkan Loader] LAYER:                /home/crichalchemist/snap/code/267/vulkan/implicit_layer.d
[Vulkan Loader] LAYER:                /snap/code/267/usr/share/vulkan/implicit_layer.d
[Vulkan Loader] LAYER:                /usr/share/ubuntu/vulkan/implicit_layer.d
[Vulkan Loader] LAYER:                /usr/share/gnome/vulkan/implicit_layer.d
[Vulkan Loader] LAYER:                /usr/local/share/vulkan/implicit_layer.d
[Vulkan Loader] LAYER:                /usr/share/vulkan/implicit_layer.d
[Vulkan Loader] LAYER:                /var/lib/snapd/desktop/vulkan/implicit_layer.d
[Vulkan Loader] LAYER:             Found the following files:
[Vulkan Loader] LAYER:                /usr/share/vulkan/implicit_layer.d/VkLayer_MESA_device_select.json
[Vulkan Loader] LAYER:                /usr/share/vulkan/implicit_layer.d/VkLayer_MESA_anti_lag.json
[Vulkan Loader] LAYER:          Searching for explicit layer manifest files
[Vulkan Loader] LAYER:             In following locations:
[Vulkan Loader] LAYER:                /home/crichalchemist/.config/vulkan/explicit_layer.d
[Vulkan Loader] LAYER:                /etc/xdg/xdg-ubuntu/vulkan/explicit_layer.d
[Vulkan Loader] LAYER:                /etc/xdg/vulkan/explicit_layer.d
[Vulkan Loader] LAYER:                /etc/vulkan/explicit_layer.d
[Vulkan Loader] LAYER:                /home/crichalchemist/.local/share/vulkan/explicit_layer.d
[Vulkan Loader] LAYER:                /home/crichalchemist/snap/code/267/.local/share/vulkan/explicit_layer.d
[Vulkan Loader] LAYER:                /home/crichalchemist/snap/code/267/vulkan/explicit_layer.d
[Vulkan Loader] LAYER:                /snap/code/267/usr/share/vulkan/explicit_layer.d
[Vulkan Loader] LAYER:                /usr/share/ubuntu/vulkan/explicit_layer.d
[Vulkan Loader] LAYER:                /usr/share/gnome/vulkan/explicit_layer.d
[Vulkan Loader] LAYER:                /usr/local/share/vulkan/explicit_layer.d
[Vulkan Loader] LAYER:                /usr/share/vulkan/explicit_layer.d
[Vulkan Loader] LAYER:                /var/lib/snapd/desktop/vulkan/explicit_layer.d
[Vulkan Loader] LAYER:             Found the following files:
[Vulkan Loader] LAYER:                /usr/share/vulkan/explicit_layer.d/VkLayer_khronos_validation.json
[Vulkan Loader] LAYER:                /usr/share/vulkan/explicit_layer.d/VkLayer_MESA_screenshot.json
[Vulkan Loader] LAYER:                /usr/share/vulkan/explicit_layer.d/VkLayer_MESA_overlay.json
[Vulkan Loader] LAYER:                /usr/share/vulkan/explicit_layer.d/VkLayer_INTEL_nullhw.json
[Vulkan Loader] WARNING | LAYER: env var 'VK_INSTANCE_LAYERS' defined and adding layers "VK_LAYER_KHRONOS_validation"
[Vulkan Loader] WARNING | LAYER: env var 'VK_INSTANCE_LAYERS' defined and adding layers "VK_LAYER_KHRONOS_validation"
[Vulkan Loader] DEBUG | LAYER:  Loading layer library libVkLayer_khronos_validation.so
[Vulkan Loader] INFO | LAYER:   Insert instance layer "VK_LAYER_KHRONOS_validation" (/usr/lib/x86_64-linux-gnu/libVkLayer_khronos_validation.so)
[Vulkan Loader] DEBUG | LAYER:  Loading layer library libVkLayer_MESA_device_select.so
[Vulkan Loader] INFO | LAYER:   Insert instance layer "VK_LAYER_MESA_device_select" (/usr/lib/x86_64-linux-gnu/libVkLayer_MESA_device_select.so)
[Vulkan Loader] LAYER:          vkCreateInstance layer callstack setup to:
[Vulkan Loader] LAYER:             <Application>
[Vulkan Loader] LAYER:               ||
[Vulkan Loader] LAYER:             <Loader>
[Vulkan Loader] LAYER:               ||
[Vulkan Loader] LAYER:             VK_LAYER_MESA_device_select
[Vulkan Loader] LAYER:                     Type: Implicit
[Vulkan Loader] LAYER:                     Enabled By: Implicit Layer
[Vulkan Loader] LAYER:                         Disable Env Var:  NODEVICE_SELECT
[Vulkan Loader] LAYER:                     Manifest: /usr/share/vulkan/implicit_layer.d/VkLayer_MESA_device_select.json
[Vulkan Loader] LAYER:                     Library:  /usr/lib/x86_64-linux-gnu/libVkLayer_MESA_device_select.so
[Vulkan Loader] LAYER:               ||
[Vulkan Loader] LAYER:             VK_LAYER_KHRONOS_validation
[Vulkan Loader] LAYER:                     Type: Explicit
[Vulkan Loader] LAYER:                     Enabled By: Environment Variable VK_INSTANCE_LAYERS
[Vulkan Loader] LAYER:                     Manifest: /usr/share/vulkan/explicit_layer.d/VkLayer_khronos_validation.json
[Vulkan Loader] LAYER:                     Library:  /usr/lib/x86_64-linux-gnu/libVkLayer_khronos_validation.so
[Vulkan Loader] LAYER:               ||
[Vulkan Loader] LAYER:             <Drivers>
[Vulkan Loader] INFO | LAYER:   Inserted device layer "VK_LAYER_KHRONOS_validation" (/usr/lib/x86_64-linux-gnu/libVkLayer_khronos_validation.so)
[Vulkan Loader] INFO | LAYER:   Failed to find vkGetDeviceProcAddr in layer "/usr/lib/x86_64-linux-gnu/libVkLayer_MESA_device_select.so"
[Vulkan Loader] DRIVER:         vkCreateDevice layer callstack setup to:
[Vulkan Loader] DRIVER:            <Application>
[Vulkan Loader] DRIVER:              ||
[Vulkan Loader] DRIVER:            <Loader>
[Vulkan Loader] DRIVER:              ||
[Vulkan Loader] LAYER:             VK_LAYER_KHRONOS_validation
[Vulkan Loader] LAYER:                     Type: Explicit
[Vulkan Loader] LAYER:                     Enabled By: Environment Variable VK_INSTANCE_LAYERS
[Vulkan Loader] LAYER:                     Manifest: /usr/share/vulkan/explicit_layer.d/VkLayer_khronos_validation.json
[Vulkan Loader] LAYER:                     Library:  /usr/lib/x86_64-linux-gnu/libVkLayer_khronos_validation.so
[Vulkan Loader] LAYER:               ||
[Vulkan Loader] DRIVER:            <Device>
[Vulkan Loader] DRIVER:                Using "AMD Radeon Pro 580X (RADV POLARIS10)" with driver: "/usr/lib/x86_64-linux-gnu/libvulkan_radeon.so"
[VK] VRAM pressure-proofing: memory_priority on, memory_budget on
[VK] warning: only 256 of 7936 MB VRAM is host-visible (Resizable BAR appears disabled) — allocations beyond the 256 MB window fall back to system RAM and will be slow. Enable Resizable BAR / Smart Access Memory in the BIOS.
[VK] ready: AMD Radeon Pro 580X (RADV POLARIS10), compute qfam 0, memtype 3, fused gate+up, absorb attention, tiled GEMM from S=2 and S*O>=4096
fmt=1 S=1 I=6144 O=1536 gemv | maxerr=3.815e-05 maxrel=0.0003662 | gpu=1.246 ms  cpu_ref=20.618 ms
fmt=2 S=1 I=6144 O=1536 gemv | maxerr=2.384e-06 maxrel=4.292e-05 | gpu=0.653 ms  cpu_ref=24.897 ms
fmt=1 S=1 I=1536 O=6144 gemv | maxerr=1.526e-05 maxrel=0.0001321 | gpu=1.104 ms  cpu_ref=20.067 ms
fmt=2 S=8 I=6144 O=1536 gemv | maxerr=2.384e-06 maxrel=0.0001341 | gpu=4.065 ms  cpu_ref=215.827 ms
fmt=1 S=1 I=512 O=512 gemv | maxerr=5.722e-06 maxrel=8.594e-06 | gpu=0.086 ms  cpu_ref=0.803 ms
fmt=2 S=1 I=16384 O=6144 gemv | maxerr=6.199e-06 maxrel=0.0001937 | gpu=6.627 ms  cpu_ref=280.016 ms
fmt=5 S=1 I=6144 O=2048 gemv | maxerr=7.153e-07 maxrel=1.21e-05 | gpu=0.811 ms  cpu_ref=45.069 ms
fmt=5 S=1 I=2048 O=6144 gemv | maxerr=4.768e-07 maxrel=1.408e-05 | gpu=0.668 ms  cpu_ref=45.800 ms
fmt=5 S=8 I=6144 O=2048 gemv | maxerr=9.537e-07 maxrel=3.464e-05 | gpu=4.611 ms  cpu_ref=405.841 ms
fmt=5 S=1 I=100 O=64 gemv | maxerr=5.96e-08 maxrel=1.69e-06 | gpu=0.133 ms  cpu_ref=0.049 ms
fmt=5 S=1 I=16384 O=6144 gemv | maxerr=1.907e-06 maxrel=6.317e-05 | gpu=5.283 ms  cpu_ref=375.569 ms
fmt=10 S=1 I=6144 O=1536 gemv | maxerr=1.526e-05 maxrel=0.0001645 | gpu=4.438 ms  cpu_ref=20.527 ms
fmt=10 S=8 I=2048 O=512 gemv | maxerr=7.629e-06 maxrel=8.447e-05 | gpu=3.536 ms  cpu_ref=18.233 ms
fmt=10 S=1 I=16384 O=512 gemv | maxerr=3.815e-05 maxrel=2.817e-05 | gpu=3.907 ms  cpu_ref=18.573 ms
fmt=10 S=3 I=37 O=5 gemv | maxerr=1.192e-07 maxrel=1.269e-06 | gpu=0.116 ms  cpu_ref=0.001 ms
fmt=11 S=1 I=6144 O=1536 gemv | maxerr=1.717e-05 maxrel=5.939e-05 | gpu=2.326 ms  cpu_ref=21.258 ms
fmt=11 S=8 I=2048 O=512 gemv | maxerr=7.629e-06 maxrel=5.287e-05 | gpu=0.992 ms  cpu_ref=18.948 ms
fmt=11 S=1 I=16384 O=512 gemv | maxerr=4.959e-05 maxrel=0.0001004 | gpu=2.084 ms  cpu_ref=19.287 ms
fmt=11 S=3 I=37 O=5 gemv | maxerr=4.768e-07 maxrel=2.73e-07 | gpu=0.107 ms  cpu_ref=0.001 ms
fmt=12 gs=64 S=1 I=6144 O=1536 gemv | maxerr=3.242e-05 maxrel=0.0001413 | gpu=1.338 ms  cpu_ref=117.120 ms
fmt=12 gs=64 S=8 I=2048 O=512 gemv | maxerr=1.907e-05 maxrel=0.0002937 | gpu=0.428 ms  cpu_ref=103.387 ms
fmt=12 gs=64 S=1 I=16384 O=512 gemv | maxerr=9.155e-05 maxrel=8.703e-05 | gpu=1.175 ms  cpu_ref=109.167 ms
fmt=12 gs=64 S=3 I=100 O=5 gemv | maxerr=9.537e-07 maxrel=4.709e-07 | gpu=0.111 ms  cpu_ref=0.027 ms
fmt=12 gs=32 S=2 I=4096 O=256 gemv | maxerr=1.717e-05 maxrel=3.025e-05 | gpu=0.241 ms  cpu_ref=26.179 ms
fmt=12 gs=128 S=2 I=4096 O=256 gemv | maxerr=2.289e-05 maxrel=9.353e-05 | gpu=0.224 ms  cpu_ref=25.870 ms
fmt=13 gs=64 S=1 I=6144 O=1536 gemv | maxerr=2.289e-05 maxrel=0.0002004 | gpu=1.286 ms  cpu_ref=21.067 ms
fmt=13 gs=64 S=8 I=2048 O=512 gemv | maxerr=1.526e-05 maxrel=0.0001727 | gpu=0.378 ms  cpu_ref=18.702 ms
fmt=13 gs=64 S=1 I=16384 O=512 gemv | maxerr=4.578e-05 maxrel=0.0003054 | gpu=1.233 ms  cpu_ref=18.871 ms
fmt=13 gs=64 S=3 I=100 O=5 gemv | maxerr=1.907e-06 maxrel=1.719e-07 | gpu=0.118 ms  cpu_ref=0.004 ms
fmt=13 gs=128 S=2 I=4096 O=256 gemv | maxerr=1.526e-05 maxrel=6.284e-05 | gpu=0.274 ms  cpu_ref=5.033 ms
fmt=1 S=16 I=1001 O=193 gemm | maxerr=2.289e-05 maxrel=6.147e-05 | gpu=0.417 ms  cpu_ref=7.533 ms
fmt=1 S=64 I=1536 O=97 gemm | maxerr=2.289e-05 maxrel=0.0003758 | gpu=0.528 ms  cpu_ref=21.469 ms
fmt=1 S=512 I=520 O=131 gemm | maxerr=1.526e-05 maxrel=0.0005495 | gpu=0.507 ms  cpu_ref=77.271 ms
fmt=2 S=16 I=1001 O=193 gemm | maxerr=1.192e-06 maxrel=2.462e-05 | gpu=0.397 ms  cpu_ref=8.416 ms
fmt=2 S=64 I=1536 O=97 gemm | maxerr=1.907e-06 maxrel=4.873e-05 | gpu=0.560 ms  cpu_ref=32.195 ms
fmt=2 S=512 I=520 O=131 gemm | maxerr=9.537e-07 maxrel=2.834e-05 | gpu=0.513 ms  cpu_ref=97.554 ms
fmt=4 gs=64 S=16 I=1001 O=193 gemm | maxerr=1.431e-06 maxrel=1.498e-05 | gpu=0.450 ms  cpu_ref=8.726 ms
fmt=4 gs=64 S=64 I=1536 O=97 gemm | maxerr=1.431e-06 maxrel=4.054e-05 | gpu=0.645 ms  cpu_ref=31.193 ms
fmt=4 gs=64 S=512 I=520 O=131 gemm | maxerr=7.153e-07 maxrel=2.659e-05 | gpu=0.511 ms  cpu_ref=102.702 ms
fmt=5 S=16 I=1001 O=193 gemm | maxerr=4.768e-07 maxrel=1.847e-05 | gpu=0.441 ms  cpu_ref=11.532 ms
fmt=5 S=64 I=1536 O=97 gemm | maxerr=7.153e-07 maxrel=1.656e-05 | gpu=3.913 ms  cpu_ref=55.739 ms
fmt=5 S=512 I=520 O=131 gemm | maxerr=3.576e-07 maxrel=1.37e-05 | gpu=0.567 ms  cpu_ref=127.366 ms
fmt=7 gs=32 S=16 I=1001 O=193 gemm | maxerr=5.364e-07 maxrel=1.473e-05 | gpu=0.715 ms  cpu_ref=23.882 ms
fmt=7 gs=32 S=64 I=1536 O=97 gemm | maxerr=9.537e-07 maxrel=2.199e-05 | gpu=0.685 ms  cpu_ref=67.153 ms
fmt=7 gs=32 S=512 I=520 O=131 gemm | maxerr=4.768e-07 maxrel=1.824e-05 | gpu=0.639 ms  cpu_ref=293.268 ms
fmt=10 S=16 I=1001 O=193 gemm | maxerr=7.629e-06 maxrel=6.534e-05 | gpu=0.681 ms  cpu_ref=8.750 ms
fmt=10 S=64 I=1536 O=97 gemm | maxerr=1.144e-05 maxrel=0.000104 | gpu=0.691 ms  cpu_ref=27.094 ms
fmt=10 S=512 I=520 O=131 gemm | maxerr=5.722e-06 maxrel=0.0001239 | gpu=0.616 ms  cpu_ref=98.822 ms
fmt=11 S=16 I=1001 O=193 gemm | maxerr=7.629e-06 maxrel=0.0001996 | gpu=0.572 ms  cpu_ref=8.778 ms
fmt=11 S=64 I=1536 O=97 gemm | maxerr=1.144e-05 maxrel=0.0001265 | gpu=0.745 ms  cpu_ref=27.122 ms
fmt=11 S=512 I=520 O=131 gemm | maxerr=5.722e-06 maxrel=0.0001708 | gpu=0.556 ms  cpu_ref=98.939 ms
fmt=12 gs=64 S=16 I=1001 O=193 gemm | maxerr=3.052e-05 maxrel=0.0002141 | gpu=0.700 ms  cpu_ref=49.739 ms
fmt=12 gs=64 S=64 I=1536 O=97 gemm | maxerr=3.052e-05 maxrel=0.0005084 | gpu=0.892 ms  cpu_ref=153.383 ms
fmt=12 gs=64 S=512 I=520 O=131 gemm | maxerr=1.907e-05 maxrel=0.0002559 | gpu=0.689 ms  cpu_ref=464.739 ms
fmt=13 gs=64 S=16 I=1001 O=193 gemm | maxerr=1.526e-05 maxrel=0.000205 | gpu=0.690 ms  cpu_ref=6.575 ms
fmt=13 gs=64 S=64 I=1536 O=97 gemm | maxerr=2.098e-05 maxrel=0.0001907 | gpu=0.783 ms  cpu_ref=19.882 ms
fmt=13 gs=64 S=512 I=520 O=131 gemm | maxerr=1.144e-05 maxrel=0.000587 | gpu=0.596 ms  cpu_ref=77.496 ms
fmt=1 S=37 I=999 O=65 gemm | maxerr=1.907e-05 maxrel=0.0001121 | gpu=0.534 ms  cpu_ref=5.002 ms
fmt=4 gs=8 S=33 I=1001 O=70 gemm | maxerr=9.537e-07 maxrel=2.155e-05 | gpu=0.543 ms  cpu_ref=6.320 ms
fmt=4 gs=24 S=33 I=1001 O=70 gemm | maxerr=1.192e-06 maxrel=2.7e-05 | gpu=0.561 ms  cpu_ref=6.050 ms
fmt=12 gs=12 S=33 I=1001 O=70 gemm | maxerr=3.052e-05 maxrel=0.0002129 | gpu=0.522 ms  cpu_ref=28.041 ms
fmt=12 gs=128 S=33 I=1001 O=70 gemm | maxerr=2.289e-05 maxrel=0.0003628 | gpu=0.486 ms  cpu_ref=26.934 ms
fmt=13 gs=12 S=33 I=1001 O=70 gemm | maxerr=1.526e-05 maxrel=0.0002283 | gpu=0.518 ms  cpu_ref=4.425 ms
xbatch: tier queue of its own, GEMM route from 16 rows, timestamps on
tier pool: 10 experts fit a budget of 10.5 (87040 bytes each), refusals 1, 1 block(s), frag 0.000
tier pool: frees during a batch held 870400 -> 870400 bytes, after the join 609280
tier pool: 3 of 3 experts uploaded again into the freed room, 1 blocks, 870400 of 913408 bytes used
tier pool: all freed, 0 bytes used, 0 live ranges, 1 block(s) kept
xbatch fmt=1/1 gs=64 D=320 I=160 swiglu, rows 1/3/2/20/1 (GEMM from 16) | maxrel=1.3e-05 | row bits independent of the batch: yes | device 0.293 ms
xbatch fmt=2/2 gs=64 D=320 I=160 swiglu, rows 1/3/2/20/1 (GEMM from 16) | maxrel=1.49e-05 | row bits independent of the batch: yes | device 0.305 ms
xbatch fmt=4/4 gs=64 D=320 I=160 swiglu, rows 1/3/2/20/1 (GEMM from 16) | maxrel=1.4e-05 | row bits independent of the batch: yes | device 0.318 ms
xbatch fmt=5/5 gs=64 D=320 I=160 swiglu, rows 1/3/2/20/1 (GEMM from 16) | maxrel=1.33e-05 | row bits independent of the batch: yes | device 0.393 ms
xbatch fmt=7/7 gs=32 D=320 I=160 swiglu, rows 1/3/2/20/1 (GEMM from 16) | maxrel=1.56e-05 | row bits independent of the batch: yes | device 0.501 ms
xbatch fmt=10/10 gs=64 D=320 I=160 swiglu, rows 1/3/2/20/1 (GEMM from 16) | maxrel=1.84e-05 | row bits independent of the batch: yes | device 0.520 ms
xbatch fmt=11/11 gs=64 D=320 I=160 swiglu, rows 1/3/2/20/1 (GEMM from 16) | maxrel=1.33e-05 | row bits independent of the batch: yes | device 0.341 ms
xbatch fmt=12/12 gs=64 D=320 I=160 swiglu, rows 1/3/2/20/1 (GEMM from 16) | maxrel=1.79e-05 | row bits independent of the batch: yes | device 0.390 ms
xbatch fmt=13/13 gs=64 D=320 I=160 swiglu, rows 1/3/2/20/1 (GEMM from 16) | maxrel=1.3e-05 | row bits independent of the batch: yes | device 0.328 ms
xbatch fmt=4/1 gs=64 D=320 I=160 swiglu, rows 1/3/2/20/1 (GEMM from 16) | maxrel=1.52e-05 | row bits independent of the batch: yes | device 0.368 ms
xbatch fmt=4/4 gs=64 D=320 I=160 swiglu-limit, rows 1/3/2/20/1 (GEMM from 16) | maxrel=1.52e-05 | row bits independent of the batch: yes | device 0.389 ms
xbatch fmt=7/7 gs=32 D=320 I=160 situ, rows 1/3/2/20/1 (GEMM from 16) | maxrel=6.7e-05 | row bits independent of the batch: yes | device 0.418 ms
xbatch fmt=12/12 gs=8 D=200 I=72 swiglu, rows 1/3/2/20/1 (GEMM from 16) | maxrel=1.12e-05 | row bits independent of the batch: yes | device 0.228 ms
xbatch fmt=2/2 gs=0 D=200 I=72 swiglu, rows 1/3/2/20/1 (GEMM from 16) | maxrel=1.11e-05 | row bits independent of the batch: yes | device 0.179 ms
xbatch fmt=4/4 gs=64 D=6400 I=64 swiglu, rows 1/3/2/20/1 (GEMM from 16) | maxrel=2.74e-05 | row bits independent of the batch: yes | device 3.060 ms
xbatch v4 D=160 I=160, rows 1/3/20 (GEMM from 16) | 0 of 3840 values differ from the CPU's arithmetic | device 0.200 ms
PASS
Validation Error: [ VUID-vkDestroyDevice-device-05137 ] | MessageID = 0x4872eaa0
vkDestroyDevice(): Object Tracking - For VkDevice 0x628ef30ac3c0, VkShaderModule 0x110000000011 has not been destroyed.
The Vulkan spec states: All child objects created on device that can be destroyed or freed must have been destroyed or freed prior to destroying device (https://docs.vulkan.org/spec/latest/chapters/devsandqueues.html#VUID-vkDestroyDevice-device-05137)
Objects: 1
    [0] VkShaderModule 0x110000000011

Validation Error: [ VUID-vkDestroyDevice-device-05137 ] | MessageID = 0x4872eaa0
vkDestroyDevice(): Object Tracking - For VkDevice 0x628ef30ac3c0, VkPipelineLayout 0x130000000013 has not been destroyed.
The Vulkan spec states: All child objects created on device that can be destroyed or freed must have been destroyed or freed prior to destroying device (https://docs.vulkan.org/spec/latest/chapters/devsandqueues.html#VUID-vkDestroyDevice-device-05137)
Objects: 1
    [0] VkPipelineLayout 0x130000000013

Validation Error: [ VUID-vkDestroyDevice-device-05137 ] | MessageID = 0x4872eaa0
vkDestroyDevice(): Object Tracking - For VkDevice 0x628ef30ac3c0, VkPipeline 0x140000000014 has not been destroyed.
The Vulkan spec states: All child objects created on device that can be destroyed or freed must have been destroyed or freed prior to destroying device (https://docs.vulkan.org/spec/latest/chapters/devsandqueues.html#VUID-vkDestroyDevice-device-05137)
Objects: 1
    [0] VkPipeline 0x140000000014

Validation Error: [ VUID-vkDestroyDevice-device-05137 ] | MessageID = 0x4872eaa0
vkDestroyDevice(): Object Tracking - For VkDevice 0x628ef30ac3c0, VkDescriptorSetLayout 0x120000000012 has not been destroyed.
The Vulkan spec states: All child objects created on device that can be destroyed or freed must have been destroyed or freed prior to destroying device (https://docs.vulkan.org/spec/latest/chapters/devsandqueues.html#VUID-vkDestroyDevice-device-05137)
Objects: 1
    [0] VkDescriptorSetLayout 0x120000000012

Validation Error: [ VUID-vkDestroyDevice-device-05137 ] | MessageID = 0x4872eaa0
vkDestroyDevice(): Object Tracking - For VkDevice 0x628ef30ac3c0, VkDescriptorSet 0x160000000016 has not been destroyed.
The Vulkan spec states: All child objects created on device that can be destroyed or freed must have been destroyed or freed prior to destroying device (https://docs.vulkan.org/spec/latest/chapters/devsandqueues.html#VUID-vkDestroyDevice-device-05137)
Objects: 1
    [0] VkDescriptorSet 0x160000000016

Validation Error: [ VUID-vkDestroyDevice-device-05137 ] | MessageID = 0x4872eaa0
vkDestroyDevice(): Object Tracking - For VkDevice 0x628ef30ac3c0, VkDescriptorSet 0x180000000018 has not been destroyed.
The Vulkan spec states: All child objects created on device that can be destroyed or freed must have been destroyed or freed prior to destroying device (https://docs.vulkan.org/spec/latest/chapters/devsandqueues.html#VUID-vkDestroyDevice-device-05137)
Objects: 1
    [0] VkDescriptorSet 0x180000000018

Validation Error: [ VUID-vkDestroyDevice-device-05137 ] | MessageID = 0x4872eaa0
vkDestroyDevice(): Object Tracking - For VkDevice 0x628ef30ac3c0, VkDescriptorPool 0x150000000015 has not been destroyed.
The Vulkan spec states: All child objects created on device that can be destroyed or freed must have been destroyed or freed prior to destroying device (https://docs.vulkan.org/spec/latest/chapters/devsandqueues.html#VUID-vkDestroyDevice-device-05137)
Objects: 1
    [0] VkDescriptorPool 0x150000000015

Validation Error: [ VUID-vkDestroyDevice-device-05137 ] | MessageID = 0x4872eaa0
vkDestroyDevice(): Object Tracking - For VkDevice 0x628ef30ac3c0, VkDescriptorPool 0x170000000017 has not been destroyed.
The Vulkan spec states: All child objects created on device that can be destroyed or freed must have been destroyed or freed prior to destroying device (https://docs.vulkan.org/spec/latest/chapters/devsandqueues.html#VUID-vkDestroyDevice-device-05137)
Objects: 1
    [0] VkDescriptorPool 0x170000000017

[Vulkan Loader] DEBUG | LAYER:  Unloading layer library /usr/lib/x86_64-linux-gnu/libVkLayer_MESA_device_select.so
[Vulkan Loader] DEBUG | LAYER:  Unloading layer library /usr/lib/x86_64-linux-gnu/libVkLayer_khronos_validation.so
