Collecting diffusers
  Downloading diffusers-0.40.0-py3-none-any.whl.metadata (20 kB)
Collecting importlib_metadata (from diffusers)
  Downloading importlib_metadata-9.0.1-py3-none-any.whl.metadata (4.5 kB)
Requirement already satisfied: filelock in /home/crichalchemist/.local/lib/python3.14/site-packages (from diffusers) (3.32.5)
Requirement already satisfied: httpx<1.0.0 in /home/crichalchemist/.local/lib/python3.14/site-packages (from diffusers) (0.28.1)
Requirement already satisfied: huggingface-hub<2.0,>=1.23.0 in /home/crichalchemist/.local/lib/python3.14/site-packages (from diffusers) (1.30.0)
Requirement already satisfied: numpy in /home/linuxbrew/.linuxbrew/lib/python3.14/site-packages (from diffusers) (2.4.4)
Requirement already satisfied: regex!=2019.12.17 in /home/crichalchemist/.local/lib/python3.14/site-packages (from diffusers) (2026.9.3)
Collecting requests (from diffusers)
  Downloading requests-2.34.2-py3-none-any.whl.metadata (4.8 kB)
Requirement already satisfied: safetensors>=0.8.0 in /home/crichalchemist/.local/lib/python3.14/site-packages (from diffusers) (0.8.0)
Requirement already satisfied: Pillow in /home/linuxbrew/.linuxbrew/lib/python3.14/site-packages (from diffusers) (12.2.0)
Requirement already satisfied: anyio in /home/crichalchemist/.local/lib/python3.14/site-packages (from httpx<1.0.0->diffusers) (4.15.0)
Requirement already satisfied: certifi in /home/linuxbrew/.linuxbrew/lib/python3.14/site-packages (from httpx<1.0.0->diffusers) (2026.4.22)
Requirement already satisfied: httpcore==1.* in /home/crichalchemist/.local/lib/python3.14/site-packages (from httpx<1.0.0->diffusers) (1.0.9)
Requirement already satisfied: idna in /home/crichalchemist/.local/lib/python3.14/site-packages (from httpx<1.0.0->diffusers) (3.19)
Requirement already satisfied: h11>=0.16 in /home/crichalchemist/.local/lib/python3.14/site-packages (from httpcore==1.*->httpx<1.0.0->diffusers) (0.16.0)
Requirement already satisfied: click<9.0.0,>=8.4.2 in /home/crichalchemist/.local/lib/python3.14/site-packages (from huggingface-hub<2.0,>=1.23.0->diffusers) (8.5.0)
Requirement already satisfied: fsspec>=2023.5.0 in /home/crichalchemist/.local/lib/python3.14/site-packages (from huggingface-hub<2.0,>=1.23.0->diffusers) (2026.7.0)
Requirement already satisfied: hf-xet<2.0.0,>=1.5.2 in /home/crichalchemist/.local/lib/python3.14/site-packages (from huggingface-hub<2.0,>=1.23.0->diffusers) (1.6.0)
Requirement already satisfied: packaging>=20.9 in /home/crichalchemist/.local/lib/python3.14/site-packages (from huggingface-hub<2.0,>=1.23.0->diffusers) (26.3)
Requirement already satisfied: pyyaml>=5.1 in /home/crichalchemist/.local/lib/python3.14/site-packages (from huggingface-hub<2.0,>=1.23.0->diffusers) (6.0.3)
Requirement already satisfied: tqdm>=4.42.1 in /home/crichalchemist/.local/lib/python3.14/site-packages (from huggingface-hub<2.0,>=1.23.0->diffusers) (4.70.0)
Requirement already satisfied: typing-extensions>=4.1.0 in /home/crichalchemist/.local/lib/python3.14/site-packages (from huggingface-hub<2.0,>=1.23.0->diffusers) (4.16.0)
Collecting zipp>=3.20 (from importlib_metadata->diffusers)
  Downloading zipp-4.1.0-py3-none-any.whl.metadata (3.6 kB)
Collecting charset_normalizer<4,>=2 (from requests->diffusers)
  Downloading charset_normalizer-3.5.2-cp314-cp314-manylinux2014_x86_64.manylinux_2_17_x86_64.manylinux_2_28_x86_64.whl.metadata (46 kB)
Collecting urllib3<3,>=1.26 (from requests->diffusers)
  Downloading urllib3-2.8.0-py3-none-any.whl.metadata (7.4 kB)
Downloading diffusers-0.40.0-py3-none-any.whl (5.9 MB)
   ━━━━━━━━━━━━━━━━━━━━━━━━━━━━━━━━━━━━━━━━ 5.9/5.9 MB 19.0 MB/s  0:00:00
Downloading importlib_metadata-9.0.1-py3-none-any.whl (27 kB)
Downloading zipp-4.1.0-py3-none-any.whl (10 kB)
Downloading requests-2.34.2-py3-none-any.whl (73 kB)
Downloading charset_normalizer-3.5.2-cp314-cp314-manylinux2014_x86_64.manylinux_2_17_x86_64.manylinux_2_28_x86_64.whl (255 kB)
Downloading urllib3-2.8.0-py3-none-any.whl (135 kB)
Installing collected packages: zipp, urllib3, charset_normalizer, requests, importlib_metadata, diffusers

Successfully installed charset_normalizer-3.5.2 diffusers-0.40.0 importlib_metadata-9.0.1 requests-2.34.2 urllib3-2.8.0 zipp-4.1.0
