[VK] VRAM pressure-proofing: memory_priority on, memory_budget on
[VK] warning: only 256 of 7936 MB VRAM is host-visible (Resizable BAR appears disabled) — allocations beyond the 256 MB window fall back to system RAM and will be slow. Enable Resizable BAR / Smart Access Memory in the BIOS.
[VK] ready: AMD Radeon Pro 580X (RADV POLARIS10), compute qfam 0, memtype 3, fused gate+up, absorb attention, tiled GEMM from S=2 and S*O>=4096
fmt=1 S=1 I=6144 O=1536 gemv | maxerr=3.815e-05 maxrel=0.0003662 | gpu=1.138 ms  cpu_ref=22.953 ms
fmt=2 S=1 I=6144 O=1536 gemv | maxerr=2.384e-06 maxrel=4.292e-05 | gpu=0.685 ms  cpu_ref=24.067 ms
fmt=1 S=1 I=1536 O=6144 gemv | maxerr=1.526e-05 maxrel=0.0001321 | gpu=1.055 ms  cpu_ref=19.781 ms
fmt=2 S=8 I=6144 O=1536 gemv | maxerr=2.384e-06 maxrel=0.0001341 | gpu=4.264 ms  cpu_ref=199.950 ms
fmt=1 S=1 I=512 O=512 gemv | maxerr=5.722e-06 maxrel=8.594e-06 | gpu=0.069 ms  cpu_ref=1.016 ms
fmt=2 S=1 I=16384 O=6144 gemv | maxerr=6.199e-06 maxrel=0.0001937 | gpu=5.658 ms  cpu_ref=272.461 ms
fmt=5 S=1 I=6144 O=2048 gemv | maxerr=7.153e-07 maxrel=1.21e-05 | gpu=0.773 ms  cpu_ref=45.884 ms
fmt=5 S=1 I=2048 O=6144 gemv | maxerr=4.768e-07 maxrel=1.408e-05 | gpu=0.699 ms  cpu_ref=41.904 ms
fmt=5 S=8 I=6144 O=2048 gemv | maxerr=9.537e-07 maxrel=3.464e-05 | gpu=4.775 ms  cpu_ref=340.879 ms
fmt=5 S=1 I=100 O=64 gemv | maxerr=5.96e-08 maxrel=1.69e-06 | gpu=0.081 ms  cpu_ref=0.034 ms
fmt=5 S=1 I=16384 O=6144 gemv | maxerr=1.907e-06 maxrel=6.317e-05 | gpu=5.368 ms  cpu_ref=338.587 ms
fmt=10 S=1 I=6144 O=1536 gemv | maxerr=1.526e-05 maxrel=0.0001645 | gpu=4.409 ms  cpu_ref=20.686 ms
fmt=10 S=8 I=2048 O=512 gemv | maxerr=7.629e-06 maxrel=8.447e-05 | gpu=3.588 ms  cpu_ref=18.268 ms
fmt=10 S=1 I=16384 O=512 gemv | maxerr=3.815e-05 maxrel=2.817e-05 | gpu=4.002 ms  cpu_ref=18.926 ms
fmt=10 S=3 I=37 O=5 gemv | maxerr=1.192e-07 maxrel=1.269e-06 | gpu=0.069 ms  cpu_ref=0.002 ms
fmt=11 S=1 I=6144 O=1536 gemv | maxerr=1.717e-05 maxrel=5.939e-05 | gpu=2.226 ms  cpu_ref=19.723 ms
fmt=11 S=8 I=2048 O=512 gemv | maxerr=7.629e-06 maxrel=5.287e-05 | gpu=0.869 ms  cpu_ref=17.564 ms
fmt=11 S=1 I=16384 O=512 gemv | maxerr=4.959e-05 maxrel=0.0001004 | gpu=1.998 ms  cpu_ref=18.322 ms
fmt=11 S=3 I=37 O=5 gemv | maxerr=4.768e-07 maxrel=2.73e-07 | gpu=0.049 ms  cpu_ref=0.003 ms
fmt=12 gs=64 S=1 I=6144 O=1536 gemv | maxerr=3.242e-05 maxrel=0.0001413 | gpu=1.194 ms  cpu_ref=114.466 ms
fmt=12 gs=64 S=8 I=2048 O=512 gemv | maxerr=1.907e-05 maxrel=0.0002937 | gpu=0.370 ms  cpu_ref=96.854 ms
fmt=12 gs=64 S=1 I=16384 O=512 gemv | maxerr=9.155e-05 maxrel=8.703e-05 | gpu=1.189 ms  cpu_ref=106.860 ms
fmt=12 gs=64 S=3 I=100 O=5 gemv | maxerr=9.537e-07 maxrel=4.709e-07 | gpu=0.077 ms  cpu_ref=0.016 ms
fmt=12 gs=32 S=2 I=4096 O=256 gemv | maxerr=1.717e-05 maxrel=3.025e-05 | gpu=0.481 ms  cpu_ref=24.856 ms
fmt=12 gs=128 S=2 I=4096 O=256 gemv | maxerr=2.289e-05 maxrel=9.353e-05 | gpu=0.192 ms  cpu_ref=23.832 ms
fmt=13 gs=64 S=1 I=6144 O=1536 gemv | maxerr=2.289e-05 maxrel=0.0002004 | gpu=1.266 ms  cpu_ref=19.774 ms
fmt=13 gs=64 S=8 I=2048 O=512 gemv | maxerr=1.526e-05 maxrel=0.0001727 | gpu=0.325 ms  cpu_ref=17.273 ms
fmt=13 gs=64 S=1 I=16384 O=512 gemv | maxerr=4.578e-05 maxrel=0.0003054 | gpu=1.269 ms  cpu_ref=18.624 ms
fmt=13 gs=64 S=3 I=100 O=5 gemv | maxerr=1.907e-06 maxrel=1.719e-07 | gpu=0.063 ms  cpu_ref=0.003 ms
fmt=13 gs=128 S=2 I=4096 O=256 gemv | maxerr=1.526e-05 maxrel=6.284e-05 | gpu=0.195 ms  cpu_ref=4.284 ms
fmt=1 S=16 I=1001 O=193 gemm | maxerr=2.289e-05 maxrel=6.147e-05 | gpu=0.338 ms  cpu_ref=6.729 ms
fmt=1 S=64 I=1536 O=97 gemm | maxerr=2.289e-05 maxrel=0.0003758 | gpu=0.517 ms  cpu_ref=20.541 ms
fmt=1 S=512 I=520 O=131 gemm | maxerr=1.526e-05 maxrel=0.0005495 | gpu=0.436 ms  cpu_ref=76.078 ms
fmt=2 S=16 I=1001 O=193 gemm | maxerr=1.192e-06 maxrel=2.462e-05 | gpu=0.340 ms  cpu_ref=8.104 ms
fmt=2 S=64 I=1536 O=97 gemm | maxerr=1.907e-06 maxrel=4.873e-05 | gpu=0.522 ms  cpu_ref=25.169 ms
fmt=2 S=512 I=520 O=131 gemm | maxerr=9.537e-07 maxrel=2.834e-05 | gpu=0.435 ms  cpu_ref=94.251 ms
fmt=4 gs=64 S=16 I=1001 O=193 gemm | maxerr=1.431e-06 maxrel=1.498e-05 | gpu=0.361 ms  cpu_ref=8.284 ms
fmt=4 gs=64 S=64 I=1536 O=97 gemm | maxerr=1.431e-06 maxrel=4.054e-05 | gpu=0.561 ms  cpu_ref=27.904 ms
fmt=4 gs=64 S=512 I=520 O=131 gemm | maxerr=7.153e-07 maxrel=2.659e-05 | gpu=0.479 ms  cpu_ref=97.191 ms
fmt=5 S=16 I=1001 O=193 gemm | maxerr=4.768e-07 maxrel=1.847e-05 | gpu=0.356 ms  cpu_ref=11.122 ms
fmt=5 S=64 I=1536 O=97 gemm | maxerr=7.153e-07 maxrel=1.656e-05 | gpu=0.546 ms  cpu_ref=32.113 ms
fmt=5 S=512 I=520 O=131 gemm | maxerr=3.576e-07 maxrel=1.37e-05 | gpu=0.460 ms  cpu_ref=126.146 ms
fmt=7 gs=32 S=16 I=1001 O=193 gemm | maxerr=5.364e-07 maxrel=1.473e-05 | gpu=0.450 ms  cpu_ref=19.226 ms
fmt=7 gs=32 S=64 I=1536 O=97 gemm | maxerr=9.537e-07 maxrel=2.199e-05 | gpu=0.557 ms  cpu_ref=63.033 ms
fmt=7 gs=32 S=512 I=520 O=131 gemm | maxerr=4.768e-07 maxrel=1.824e-05 | gpu=0.425 ms  cpu_ref=218.601 ms
fmt=10 S=16 I=1001 O=193 gemm | maxerr=7.629e-06 maxrel=6.534e-05 | gpu=0.394 ms  cpu_ref=6.330 ms
fmt=10 S=64 I=1536 O=97 gemm | maxerr=1.144e-05 maxrel=0.000104 | gpu=0.515 ms  cpu_ref=19.635 ms
fmt=10 S=512 I=520 O=131 gemm | maxerr=5.722e-06 maxrel=0.0001239 | gpu=0.435 ms  cpu_ref=74.954 ms
fmt=11 S=16 I=1001 O=193 gemm | maxerr=7.629e-06 maxrel=0.0001996 | gpu=0.422 ms  cpu_ref=6.373 ms
fmt=11 S=64 I=1536 O=97 gemm | maxerr=1.144e-05 maxrel=0.0001265 | gpu=0.734 ms  cpu_ref=20.352 ms
fmt=11 S=512 I=520 O=131 gemm | maxerr=5.722e-06 maxrel=0.0001708 | gpu=0.459 ms  cpu_ref=73.311 ms
fmt=12 gs=64 S=16 I=1001 O=193 gemm | maxerr=3.052e-05 maxrel=0.0002141 | gpu=1.015 ms  cpu_ref=37.605 ms
fmt=12 gs=64 S=64 I=1536 O=97 gemm | maxerr=3.052e-05 maxrel=0.0005084 | gpu=0.591 ms  cpu_ref=114.303 ms
fmt=12 gs=64 S=512 I=520 O=131 gemm | maxerr=1.907e-05 maxrel=0.0002559 | gpu=0.545 ms  cpu_ref=402.271 ms
fmt=13 gs=64 S=16 I=1001 O=193 gemm | maxerr=1.526e-05 maxrel=0.000205 | gpu=0.549 ms  cpu_ref=7.141 ms
fmt=13 gs=64 S=64 I=1536 O=97 gemm | maxerr=2.098e-05 maxrel=0.0001907 | gpu=0.524 ms  cpu_ref=19.959 ms
fmt=13 gs=64 S=512 I=520 O=131 gemm | maxerr=1.144e-05 maxrel=0.000587 | gpu=0.464 ms  cpu_ref=75.057 ms
fmt=1 S=37 I=999 O=65 gemm | maxerr=1.907e-05 maxrel=0.0001121 | gpu=0.401 ms  cpu_ref=5.520 ms
fmt=4 gs=8 S=33 I=1001 O=70 gemm | maxerr=9.537e-07 maxrel=2.155e-05 | gpu=0.360 ms  cpu_ref=6.502 ms
fmt=4 gs=24 S=33 I=1001 O=70 gemm | maxerr=1.192e-06 maxrel=2.7e-05 | gpu=0.367 ms  cpu_ref=6.111 ms
fmt=12 gs=12 S=33 I=1001 O=70 gemm | maxerr=3.052e-05 maxrel=0.0002129 | gpu=0.401 ms  cpu_ref=27.599 ms
fmt=12 gs=128 S=33 I=1001 O=70 gemm | maxerr=2.289e-05 maxrel=0.0003628 | gpu=0.383 ms  cpu_ref=26.080 ms
fmt=13 gs=12 S=33 I=1001 O=70 gemm | maxerr=1.526e-05 maxrel=0.0002283 | gpu=0.376 ms  cpu_ref=4.458 ms
xbatch: tier queue of its own, GEMM route from 16 rows, timestamps on
tier pool: 10 experts fit a budget of 10.5 (87040 bytes each), refusals 1, 1 block(s), frag 0.000
tier pool: frees during a batch held 870400 -> 870400 bytes, after the join 609280
tier pool: 3 of 3 experts uploaded again into the freed room, 1 blocks, 870400 of 913408 bytes used
tier pool: all freed, 0 bytes used, 0 live ranges, 1 block(s) kept
xbatch fmt=1/1 gs=64 D=320 I=160 swiglu, rows 1/3/2/20/1 (GEMM from 16) | maxrel=1.3e-05 | row bits independent of the batch: yes | device 0.218 ms
xbatch fmt=2/2 gs=64 D=320 I=160 swiglu, rows 1/3/2/20/1 (GEMM from 16) | maxrel=1.49e-05 | row bits independent of the batch: yes | device 0.209 ms
xbatch fmt=4/4 gs=64 D=320 I=160 swiglu, rows 1/3/2/20/1 (GEMM from 16) | maxrel=1.4e-05 | row bits independent of the batch: yes | device 0.221 ms
xbatch fmt=5/5 gs=64 D=320 I=160 swiglu, rows 1/3/2/20/1 (GEMM from 16) | maxrel=1.33e-05 | row bits independent of the batch: yes | device 0.220 ms
xbatch fmt=7/7 gs=32 D=320 I=160 swiglu, rows 1/3/2/20/1 (GEMM from 16) | maxrel=1.56e-05 | row bits independent of the batch: yes | device 0.400 ms
xbatch fmt=10/10 gs=64 D=320 I=160 swiglu, rows 1/3/2/20/1 (GEMM from 16) | maxrel=1.84e-05 | row bits independent of the batch: yes | device 0.416 ms
xbatch fmt=11/11 gs=64 D=320 I=160 swiglu, rows 1/3/2/20/1 (GEMM from 16) | maxrel=1.33e-05 | row bits independent of the batch: yes | device 0.285 ms
xbatch fmt=12/12 gs=64 D=320 I=160 swiglu, rows 1/3/2/20/1 (GEMM from 16) | maxrel=1.79e-05 | row bits independent of the batch: yes | device 0.288 ms
xbatch fmt=13/13 gs=64 D=320 I=160 swiglu, rows 1/3/2/20/1 (GEMM from 16) | maxrel=1.3e-05 | row bits independent of the batch: yes | device 0.246 ms
xbatch fmt=4/1 gs=64 D=320 I=160 swiglu, rows 1/3/2/20/1 (GEMM from 16) | maxrel=1.52e-05 | row bits independent of the batch: yes | device 0.219 ms
xbatch fmt=4/4 gs=64 D=320 I=160 swiglu-limit, rows 1/3/2/20/1 (GEMM from 16) | maxrel=1.52e-05 | row bits independent of the batch: yes | device 0.237 ms
xbatch fmt=7/7 gs=32 D=320 I=160 situ, rows 1/3/2/20/1 (GEMM from 16) | maxrel=6.7e-05 | row bits independent of the batch: yes | device 0.296 ms
xbatch fmt=12/12 gs=8 D=200 I=72 swiglu, rows 1/3/2/20/1 (GEMM from 16) | maxrel=1.12e-05 | row bits independent of the batch: yes | device 0.200 ms
xbatch fmt=2/2 gs=0 D=200 I=72 swiglu, rows 1/3/2/20/1 (GEMM from 16) | maxrel=1.11e-05 | row bits independent of the batch: yes | device 0.158 ms
xbatch fmt=4/4 gs=64 D=6400 I=64 swiglu, rows 1/3/2/20/1 (GEMM from 16) | maxrel=2.74e-05 | row bits independent of the batch: yes | device 2.258 ms
xbatch v4 D=160 I=160, rows 1/3/20 (GEMM from 16) | 0 of 3840 values differ from the CPU's arithmetic | device 0.186 ms
PASS
